<div class="rendered-markdown">1&lt;canvas&gt;2&lt;details&gt;3&lt;/details&gt;&lt;/canvas&gt;4</div>