<div class="rendered-markdown">&lt;!-- comment1 &lt;div&gt;&lt;/div&gt; --&gt;<div>content</div>&lt;!-- comment2 --&gt;</div>