<div class="rendered-markdown">&lt;!--[CDATA[&lt;div--&gt;content]]&gt;</div>