<div class="rendered-markdown"><img src="http://allowed.com/image.jpg"> <div>&lt;img src="http://disallowed.com/image.jpg"&gt;</div></div>