<div class="rendered-markdown"><p>&lt;area&gt;</p><hr><br>&lt;input type="text" value="test"&gt;<p></p></div>