<div class="rendered-markdown">1&lt;details id="id1" style="display: none"&gt;2&lt;details id="my id 2"&gt;3&lt;/details&gt;&lt;/details&gt;4</div>